[ INFO 2026-08-07 06:44:28 140737476279168 block_eviction_queue.cc:307] Shared cache initialized with capacity: 268435456
{"event": "process_ready", "machine": "x86_64", "memory": {"RssAnon": 61698048, "RssFile": 32661504, "VmHWM": 94359552, "VmRSS": 94359552, "VmSize": 916439040, "major_faults": 360, "minor_faults": 17139, "read_bytes": 51822592, "syscr": 580, "syscw": 2, "write_bytes": 4096}, "memory_budget_mb": 256, "mode": "buffer_pool", "monotonic_ns": 738271913889, "platform": "Linux-6.8.0-117-generic-x86_64-with-glibc2.39"}
[ INFO 2026-08-07 06:44:28 140737476279168 id_map.cc:45] Opened IDMap[/data/formal_buffer_160k/idmap.0]
[ INFO 2026-08-07 06:44:28 140737476279168 delete_store.h:78] Opened delete store, count[0]
[ INFO 2026-08-07 06:44:28 140737476279168 bufferpool_forward_store.cc:77] Opened Parquet with 160000 rows, 3 cols, 1 row groups
[ INFO 2026-08-07 06:44:28 140737476279168 segment.cc:3973] No scalar index found
[ INFO 2026-08-07 06:44:28 140737476279168 diskann_builder.cc:33] Begin DiskAnnBuilder::init
[ INFO 2026-08-07 06:44:28 140737476279168 diskann_file_reader.cc:54] DiskAnn: I/O backend 'libaio' loaded — async I/O enabled.
[ INFO 2026-08-07 06:44:28 140737476279168 diskann_streamer.cc:50] DiskAnnStreamer::load Begin
[ INFO 2026-08-07 06:44:28 140737476279168 diskann_indexer.cc:114] Loading centroid data from medoid vector data
[ INFO 2026-08-07 06:44:28 140737476279168 diskann_streamer.cc:104] DiskAnnStreamer::load Done
[ INFO 2026-08-07 06:44:28 140737476279168 segment.cc:3973] No scalar index found
[ INFO 2026-08-07 06:44:28 140737476279168 segment.cc:4213] WAL recovery skipped: no WAL file exists [/data/formal_buffer_160k/1/0.wal]
{"elapsed_seconds": 0.12616672399997242, "event": "open_done", "memory": {"RssAnon": 121192448, "RssFile": 40050688, "VmHWM": 161243136, "VmRSS": 161243136, "VmSize": 3593527296, "major_faults": 426, "minor_faults": 35995, "read_bytes": 75882496, "syscr": 2059, "syscw": 42, "write_bytes": 4096}, "mode": "buffer_pool", "monotonic_ns": 738399492613, "peak_rss": 161239040, "persisted_enable_mmap": false}
{"event": "first_pass_done", "memory": {"RssAnon": 251576320, "RssFile": 45592576, "VmHWM": 297168896, "VmRSS": 297168896, "VmSize": 3717464064, "major_faults": 480, "minor_faults": 68894, "read_bytes": 141938688, "syscr": 2308, "syscw": 43, "write_bytes": 4096}, "metrics": {"max_ms": 122.339637, "mean_ms": 2.950521376666667, "p50_ms": 2.48521, "p95_ms": 3.6229353500000006, "p99_ms": 4.32587417, "qps": 335.13191707163224, "queries": 300, "self_recall_at_k": 0.9133333333333333, "wall_seconds": 0.8951698860000761}, "mode": "buffer_pool", "monotonic_ns": 739296995043, "peak_rss": 297164800}
{"event": "steady_pass_done", "memory": {"RssAnon": 252755968, "RssFile": 45592576, "VmHWM": 298348544, "VmRSS": 298348544, "VmSize": 3718717440, "major_faults": 480, "minor_faults": 69192, "read_bytes": 141938688, "syscr": 2530, "syscw": 44, "write_bytes": 4096}, "metrics": {"max_ms": 1.424042, "mean_ms": 0.5613822873333334, "p50_ms": 0.5396465, "p95_ms": 0.72565835, "p99_ms": 0.9278656699999999, "qps": 1739.1051920487998, "queries": 1500, "self_recall_at_k": 0.9133333333333333, "wall_seconds": 0.8625125190000063}, "mode": "buffer_pool", "monotonic_ns": 740162666940, "peak_rss": 298348544, "result_fingerprint": "f5c9fc4583025ab0d5277ccfa9c6d36690703a7c61dc18f688143313be871e56"}
[ INFO 2026-08-07 06:44:30 140737476279168 diskann_streamer.cc:42] Begin DiskAnnStreamer:cleanup
[ INFO 2026-08-07 06:44:30 140737476279168 diskann_streamer.cc:44] End DiskAnnStreamer:cleanup
[ INFO 2026-08-07 06:44:30 140737476279168 id_map.cc:74] Closed IDMap[/data/formal_buffer_160k/idmap.0]
[ INFO 2026-08-07 06:44:30 140737476279168 delete_store.h:35] Closed delete store
{"event": "query_done", "memory": {"RssAnon": 248881152, "RssFile": 45572096, "VmHWM": 297656320, "VmRSS": 294453248, "VmSize": 3709587456, "major_faults": 480, "minor_faults": 71091, "read_bytes": 141950976, "syscr": 2536, "syscw": 49, "write_bytes": 4096}, "mode": "buffer_pool", "monotonic_ns": 740175419870, "rusage": {"major_faults": 480, "max_rss_kib": 290680, "minor_faults": 71090, "system_seconds": 0.295557, "user_seconds": 3.726858}}
[ INFO 2026-08-07 06:44:30 140737476279168 vector_page_table.cc:1864] VecBufferPool stats: file[/data/formal_buffer_160k/0/embedding.index.3.proxima] hit=187200 miss=17496 hit_rate=0.9145 evict=0 second_chance=0 dirty_flush=0 bypass_reads=0 bypass_bytes=0
