[ INFO 2026-08-07 06:47:16 140737476279168 block_eviction_queue.cc:307] Shared cache initialized with capacity: 134217728
{"event": "soak_ready", "memory": {"RssAnon": 60997632, "RssFile": 32575488, "VmHWM": 93573120, "VmRSS": 93573120, "VmSize": 915927040, "major_faults": 344, "minor_faults": 16350, "read_bytes": 51716096, "syscr": 560, "syscw": 1, "write_bytes": 4096}, "mode": "mmap"}
[ INFO 2026-08-07 06:47:16 140737476279168 id_map.cc:45] Opened IDMap[/data/formal_mmap_160k/idmap.0]
[ INFO 2026-08-07 06:47:16 140737476279168 delete_store.h:78] Opened delete store, count[0]
[ INFO 2026-08-07 06:47:16 140737476279168 mmap_forward_store.cc:134] Opened IPC with 160000 rows, 3 cols, 46 chunks, is_fixed_batch_size[0] fixed_batch_size[3476] physic_schema: _zvec_g_doc_id_: uint64 not null
_zvec_uid_: string not null
ordinal: int64 not null
[ INFO 2026-08-07 06:47:16 140737476279168 segment.cc:3973] No scalar index found
[ INFO 2026-08-07 06:47:16 140737476279168 diskann_builder.cc:33] Begin DiskAnnBuilder::init
[ INFO 2026-08-07 06:47:16 140737476279168 diskann_file_reader.cc:54] DiskAnn: I/O backend 'libaio' loaded — async I/O enabled.
[ INFO 2026-08-07 06:47:16 140737476279168 diskann_streamer.cc:50] DiskAnnStreamer::load Begin
[ INFO 2026-08-07 06:47:16 140737476279168 diskann_file_reader.cc:403] Opened file : /data/formal_mmap_160k/0/embedding.index.3.proxima
[ INFO 2026-08-07 06:47:16 140737476279168 diskann_indexer.cc:114] Loading centroid data from medoid vector data
[ INFO 2026-08-07 06:47:16 140737476279168 diskann_streamer.cc:104] DiskAnnStreamer::load Done
[ INFO 2026-08-07 06:47:16 140737476279168 segment.cc:3741] fresh_persist_chunked_array persist_chunk_arrays[3] chunk_offset[47]
[ INFO 2026-08-07 06:47:16 140737476279168 segment.cc:3973] No scalar index found
[ INFO 2026-08-07 06:47:16 140737476279168 segment.cc:4213] WAL recovery skipped: no WAL file exists [/data/formal_mmap_160k/1/0.wal]
{"event": "soak_open", "memory": {"RssAnon": 86683648, "RssFile": 42778624, "VmHWM": 129462272, "VmRSS": 129462272, "VmSize": 3491876864, "major_faults": 398, "minor_faults": 22847, "read_bytes": 74887168, "syscr": 624, "syscw": 35, "write_bytes": 4096}, "mode": "mmap"}
{"after_trim": {"RssAnon": 97689600, "RssFile": 48508928, "VmHWM": 146198528, "VmRSS": 146198528, "VmSize": 3496972288, "major_faults": 453, "minor_faults": 26039, "read_bytes": 209448960, "syscr": 2021, "syscw": 44, "write_bytes": 4096}, "batch": 1, "batch_queries": 300, "before_trim": {"RssAnon": 97603584, "RssFile": 48504832, "VmHWM": 146108416, "VmRSS": 146108416, "VmSize": 3496849408, "major_faults": 453, "minor_faults": 26017, "read_bytes": 209448960, "syscr": 2015, "syscw": 44, "write_bytes": 4096}, "event": "soak_batch", "mode": "mmap", "qps": 270.39453775343327, "self_recall_at_k": 0.9133333333333333, "total_queries": 300, "trim_result": 1}
{"after_trim": {"RssAnon": 97820672, "RssFile": 48508928, "VmHWM": 146329600, "VmRSS": 146329600, "VmSize": 3496984576, "major_faults": 453, "minor_faults": 26071, "read_bytes": 337240064, "syscr": 2033, "syscw": 45, "write_bytes": 4096}, "batch": 2, "batch_queries": 300, "before_trim": {"RssAnon": 97710080, "RssFile": 48508928, "VmHWM": 146219008, "VmRSS": 146219008, "VmSize": 3496976384, "major_faults": 453, "minor_faults": 26044, "read_bytes": 337240064, "syscr": 2027, "syscw": 45, "write_bytes": 4096}, "event": "soak_batch", "mode": "mmap", "qps": 255.87377265069827, "self_recall_at_k": 0.9133333333333333, "total_queries": 600, "trim_result": 1}
{"after_trim": {"RssAnon": 97828864, "RssFile": 48508928, "VmHWM": 146337792, "VmRSS": 146337792, "VmSize": 3496984576, "major_faults": 453, "minor_faults": 26073, "read_bytes": 465031168, "syscr": 2045, "syscw": 46, "write_bytes": 4096}, "batch": 3, "batch_queries": 300, "before_trim": {"RssAnon": 97820672, "RssFile": 48508928, "VmHWM": 146329600, "VmRSS": 146329600, "VmSize": 3496984576, "major_faults": 453, "minor_faults": 26071, "read_bytes": 465031168, "syscr": 2039, "syscw": 46, "write_bytes": 4096}, "event": "soak_batch", "mode": "mmap", "qps": 271.9932736571078, "self_recall_at_k": 0.9133333333333333, "total_queries": 900, "trim_result": 1}
{"after_trim": {"RssAnon": 97828864, "RssFile": 48508928, "VmHWM": 146337792, "VmRSS": 146337792, "VmSize": 3496984576, "major_faults": 453, "minor_faults": 26073, "read_bytes": 592822272, "syscr": 2057, "syscw": 47, "write_bytes": 8192}, "batch": 4, "batch_queries": 300, "before_trim": {"RssAnon": 97828864, "RssFile": 48508928, "VmHWM": 146337792, "VmRSS": 146337792, "VmSize": 3496984576, "major_faults": 453, "minor_faults": 26073, "read_bytes": 592822272, "syscr": 2051, "syscw": 47, "write_bytes": 8192}, "event": "soak_batch", "mode": "mmap", "qps": 277.937113205741, "self_recall_at_k": 0.9133333333333333, "total_queries": 1200, "trim_result": 1}
{"after_trim": {"RssAnon": 97828864, "RssFile": 48508928, "VmHWM": 146337792, "VmRSS": 146337792, "VmSize": 3496984576, "major_faults": 453, "minor_faults": 26073, "read_bytes": 720613376, "syscr": 2069, "syscw": 48, "write_bytes": 12288}, "batch": 5, "batch_queries": 300, "before_trim": {"RssAnon": 97828864, "RssFile": 48508928, "VmHWM": 146337792, "VmRSS": 146337792, "VmSize": 3496984576, "major_faults": 453, "minor_faults": 26073, "read_bytes": 720613376, "syscr": 2063, "syscw": 48, "write_bytes": 12288}, "event": "soak_batch", "mode": "mmap", "qps": 302.1138741612337, "self_recall_at_k": 0.9133333333333333, "total_queries": 1500, "trim_result": 1}
{"after_trim": {"RssAnon": 97828864, "RssFile": 48508928, "VmHWM": 146337792, "VmRSS": 146337792, "VmSize": 3496988672, "major_faults": 453, "minor_faults": 26073, "read_bytes": 848404480, "syscr": 2081, "syscw": 49, "write_bytes": 12288}, "batch": 6, "batch_queries": 300, "before_trim": {"RssAnon": 97828864, "RssFile": 48508928, "VmHWM": 146337792, "VmRSS": 146337792, "VmSize": 3496984576, "major_faults": 453, "minor_faults": 26073, "read_bytes": 848404480, "syscr": 2075, "syscw": 49, "write_bytes": 12288}, "event": "soak_batch", "mode": "mmap", "qps": 274.58401784383244, "self_recall_at_k": 0.9133333333333333, "total_queries": 1800, "trim_result": 1}
{"event": "soak_done", "memory": {"RssAnon": 97845248, "RssFile": 48508928, "VmHWM": 146354176, "VmRSS": 146354176, "VmSize": 3496992768, "major_faults": 453, "minor_faults": 26077, "read_bytes": 848404480, "syscr": 2087, "syscw": 50, "write_bytes": 12288}, "mode": "mmap", "result_fingerprint": "f5c9fc4583025ab0d5277ccfa9c6d36690703a7c61dc18f688143313be871e56", "total_queries": 1800}
[ INFO 2026-08-07 06:47:22 140737476279168 diskann_streamer.cc:42] Begin DiskAnnStreamer:cleanup
[ INFO 2026-08-07 06:47:22 140737476279168 diskann_streamer.cc:44] End DiskAnnStreamer:cleanup
[ INFO 2026-08-07 06:47:22 140737476279168 id_map.cc:74] Closed IDMap[/data/formal_mmap_160k/idmap.0]
[ INFO 2026-08-07 06:47:22 140737476279168 delete_store.h:35] Closed delete store
