[ INFO 2026-08-07 06:47:51 140737476279168 block_eviction_queue.cc:307] Shared cache initialized with capacity: 134217728
{"event": "soak_ready", "memory": {"RssAnon": 60948480, "RssFile": 32518144, "VmHWM": 93466624, "VmRSS": 93466624, "VmSize": 915918848, "major_faults": 344, "minor_faults": 16343, "read_bytes": 51716096, "syscr": 560, "syscw": 1, "write_bytes": 4096}, "mode": "buffer_pool"}
[ INFO 2026-08-07 06:47:51 140737476279168 id_map.cc:45] Opened IDMap[/data/formal_buffer_160k/idmap.0]
[ INFO 2026-08-07 06:47:51 140737476279168 delete_store.h:78] Opened delete store, count[0]
[ INFO 2026-08-07 06:47:52 140737476279168 bufferpool_forward_store.cc:77] Opened Parquet with 160000 rows, 3 cols, 1 row groups
[ INFO 2026-08-07 06:47:52 140737476279168 segment.cc:3973] No scalar index found
[ INFO 2026-08-07 06:47:52 140737476279168 diskann_builder.cc:33] Begin DiskAnnBuilder::init
[ INFO 2026-08-07 06:47:52 140737476279168 diskann_file_reader.cc:54] DiskAnn: I/O backend 'libaio' loaded — async I/O enabled.
[ INFO 2026-08-07 06:47:52 140737476279168 diskann_streamer.cc:50] DiskAnnStreamer::load Begin
[ INFO 2026-08-07 06:47:52 140737476279168 diskann_indexer.cc:114] Loading centroid data from medoid vector data
[ INFO 2026-08-07 06:47:52 140737476279168 diskann_streamer.cc:104] DiskAnnStreamer::load Done
[ INFO 2026-08-07 06:47:52 140737476279168 segment.cc:3973] No scalar index found
[ INFO 2026-08-07 06:47:52 140737476279168 segment.cc:4213] WAL recovery skipped: no WAL file exists [/data/formal_buffer_160k/1/0.wal]
{"event": "soak_open", "memory": {"RssAnon": 120516608, "RssFile": 39903232, "VmHWM": 160419840, "VmRSS": 160419840, "VmSize": 3525795840, "major_faults": 410, "minor_faults": 34024, "read_bytes": 75776000, "syscr": 2005, "syscw": 41, "write_bytes": 4096}, "mode": "buffer_pool"}
{"after_trim": {"RssAnon": 250769408, "RssFile": 45457408, "VmHWM": 296226816, "VmRSS": 296226816, "VmSize": 3649855488, "major_faults": 464, "minor_faults": 66330, "read_bytes": 141844480, "syscr": 2020, "syscw": 42, "write_bytes": 4096}, "batch": 1, "batch_queries": 300, "before_trim": {"RssAnon": 250667008, "RssFile": 45453312, "VmHWM": 296120320, "VmRSS": 296120320, "VmSize": 3649740800, "major_faults": 464, "minor_faults": 66304, "read_bytes": 141844480, "syscr": 2014, "syscw": 42, "write_bytes": 4096}, "event": "soak_batch", "mode": "buffer_pool", "qps": 317.8009910426813, "self_recall_at_k": 0.9133333333333333, "total_queries": 300, "trim_result": 1}
{"after_trim": {"RssAnon": 250884096, "RssFile": 45457408, "VmHWM": 296341504, "VmRSS": 296341504, "VmSize": 3649859584, "major_faults": 464, "minor_faults": 66358, "read_bytes": 141844480, "syscr": 2032, "syscw": 43, "write_bytes": 4096}, "batch": 2, "batch_queries": 300, "before_trim": {"RssAnon": 250785792, "RssFile": 45457408, "VmHWM": 296243200, "VmRSS": 296243200, "VmSize": 3649859584, "major_faults": 464, "minor_faults": 66334, "read_bytes": 141844480, "syscr": 2026, "syscw": 43, "write_bytes": 4096}, "event": "soak_batch", "mode": "buffer_pool", "qps": 1634.808276797464, "self_recall_at_k": 0.9133333333333333, "total_queries": 600, "trim_result": 1}
{"after_trim": {"RssAnon": 250884096, "RssFile": 45457408, "VmHWM": 296341504, "VmRSS": 296341504, "VmSize": 3649859584, "major_faults": 464, "minor_faults": 66358, "read_bytes": 141844480, "syscr": 2044, "syscw": 44, "write_bytes": 4096}, "batch": 3, "batch_queries": 300, "before_trim": {"RssAnon": 250884096, "RssFile": 45457408, "VmHWM": 296341504, "VmRSS": 296341504, "VmSize": 3649859584, "major_faults": 464, "minor_faults": 66358, "read_bytes": 141844480, "syscr": 2038, "syscw": 44, "write_bytes": 4096}, "event": "soak_batch", "mode": "buffer_pool", "qps": 1482.5365423395242, "self_recall_at_k": 0.9133333333333333, "total_queries": 900, "trim_result": 1}
{"after_trim": {"RssAnon": 250884096, "RssFile": 45457408, "VmHWM": 296341504, "VmRSS": 296341504, "VmSize": 3649859584, "major_faults": 464, "minor_faults": 66358, "read_bytes": 141844480, "syscr": 2056, "syscw": 45, "write_bytes": 4096}, "batch": 4, "batch_queries": 300, "before_trim": {"RssAnon": 250884096, "RssFile": 45457408, "VmHWM": 296341504, "VmRSS": 296341504, "VmSize": 3649859584, "major_faults": 464, "minor_faults": 66358, "read_bytes": 141844480, "syscr": 2050, "syscw": 45, "write_bytes": 4096}, "event": "soak_batch", "mode": "buffer_pool", "qps": 1537.7865053883327, "self_recall_at_k": 0.9133333333333333, "total_queries": 1200, "trim_result": 1}
{"after_trim": {"RssAnon": 250884096, "RssFile": 45457408, "VmHWM": 296341504, "VmRSS": 296341504, "VmSize": 3649859584, "major_faults": 464, "minor_faults": 66358, "read_bytes": 141844480, "syscr": 2068, "syscw": 46, "write_bytes": 8192}, "batch": 5, "batch_queries": 300, "before_trim": {"RssAnon": 250884096, "RssFile": 45457408, "VmHWM": 296341504, "VmRSS": 296341504, "VmSize": 3649859584, "major_faults": 464, "minor_faults": 66358, "read_bytes": 141844480, "syscr": 2062, "syscw": 46, "write_bytes": 8192}, "event": "soak_batch", "mode": "buffer_pool", "qps": 1537.2509966598252, "self_recall_at_k": 0.9133333333333333, "total_queries": 1500, "trim_result": 1}
{"after_trim": {"RssAnon": 250884096, "RssFile": 45457408, "VmHWM": 296341504, "VmRSS": 296341504, "VmSize": 3649859584, "major_faults": 464, "minor_faults": 66358, "read_bytes": 141844480, "syscr": 2080, "syscw": 47, "write_bytes": 8192}, "batch": 6, "batch_queries": 300, "before_trim": {"RssAnon": 250884096, "RssFile": 45457408, "VmHWM": 296341504, "VmRSS": 296341504, "VmSize": 3649859584, "major_faults": 464, "minor_faults": 66358, "read_bytes": 141844480, "syscr": 2074, "syscw": 47, "write_bytes": 8192}, "event": "soak_batch", "mode": "buffer_pool", "qps": 1577.5265483783637, "self_recall_at_k": 0.9133333333333333, "total_queries": 1800, "trim_result": 1}
{"event": "soak_done", "memory": {"RssAnon": 250900480, "RssFile": 45457408, "VmHWM": 296357888, "VmRSS": 296357888, "VmSize": 3649863680, "major_faults": 464, "minor_faults": 66362, "read_bytes": 141844480, "syscr": 2086, "syscw": 48, "write_bytes": 8192}, "mode": "buffer_pool", "result_fingerprint": "f5c9fc4583025ab0d5277ccfa9c6d36690703a7c61dc18f688143313be871e56", "total_queries": 1800}
[ INFO 2026-08-07 06:47:53 140737476279168 diskann_streamer.cc:42] Begin DiskAnnStreamer:cleanup
[ INFO 2026-08-07 06:47:53 140737476279168 diskann_streamer.cc:44] End DiskAnnStreamer:cleanup
[ INFO 2026-08-07 06:47:53 140737476279168 id_map.cc:74] Closed IDMap[/data/formal_buffer_160k/idmap.0]
[ INFO 2026-08-07 06:47:54 140737476279168 delete_store.h:35] Closed delete store
[ INFO 2026-08-07 06:47:54 140737476279168 vector_page_table.cc:1864] VecBufferPool stats: file[/data/formal_buffer_160k/0/embedding.index.3.proxima] hit=187200 miss=17496 hit_rate=0.9145 evict=0 second_chance=0 dirty_flush=0 bypass_reads=0 bypass_bytes=0
