[ INFO 2026-08-07 06:42:34 140737476279168 block_eviction_queue.cc:307] Shared cache initialized with capacity: 134217728
{"event": "process_ready", "machine": "x86_64", "memory": {"RssAnon": 61706240, "RssFile": 32604160, "VmHWM": 94310400, "VmRSS": 94310400, "VmSize": 916443136, "major_faults": 356, "minor_faults": 17148, "read_bytes": 51822592, "syscr": 580, "syscw": 2, "write_bytes": 4096}, "memory_budget_mb": 128, "mode": "mmap", "monotonic_ns": 624649232352, "platform": "Linux-6.8.0-117-generic-x86_64-with-glibc2.39"}
[ INFO 2026-08-07 06:42:34 140737476279168 id_map.cc:45] Opened IDMap[/data/formal_mmap_160k/idmap.0]
[ INFO 2026-08-07 06:42:34 140737476279168 delete_store.h:78] Opened delete store, count[0]
[ INFO 2026-08-07 06:42:34 140737476279168 mmap_forward_store.cc:134] Opened IPC with 160000 rows, 3 cols, 46 chunks, is_fixed_batch_size[0] fixed_batch_size[3476] physic_schema: _zvec_g_doc_id_: uint64 not null
_zvec_uid_: string not null
ordinal: int64 not null
[ INFO 2026-08-07 06:42:34 140737476279168 segment.cc:3973] No scalar index found
[ INFO 2026-08-07 06:42:34 140737476279168 diskann_builder.cc:33] Begin DiskAnnBuilder::init
[ INFO 2026-08-07 06:42:34 140737476279168 diskann_file_reader.cc:54] DiskAnn: I/O backend 'libaio' loaded — async I/O enabled.
[ INFO 2026-08-07 06:42:34 140737476279168 diskann_streamer.cc:50] DiskAnnStreamer::load Begin
[ INFO 2026-08-07 06:42:34 140737476279168 diskann_file_reader.cc:403] Opened file : /data/formal_mmap_160k/0/embedding.index.3.proxima
[ INFO 2026-08-07 06:42:34 140737476279168 diskann_indexer.cc:114] Loading centroid data from medoid vector data
[ INFO 2026-08-07 06:42:34 140737476279168 diskann_streamer.cc:104] DiskAnnStreamer::load Done
[ INFO 2026-08-07 06:42:34 140737476279168 segment.cc:3741] fresh_persist_chunked_array persist_chunk_arrays[3] chunk_offset[47]
[ INFO 2026-08-07 06:42:34 140737476279168 segment.cc:3973] No scalar index found
[ INFO 2026-08-07 06:42:34 140737476279168 segment.cc:4213] WAL recovery skipped: no WAL file exists [/data/formal_mmap_160k/1/0.wal]
{"elapsed_seconds": 0.11094749999995202, "event": "open_done", "memory": {"RssAnon": 87339008, "RssFile": 42844160, "VmHWM": 130183168, "VmRSS": 130183168, "VmSize": 3559604224, "major_faults": 410, "minor_faults": 24795, "read_bytes": 74993664, "syscr": 680, "syscw": 36, "write_bytes": 4096}, "mode": "mmap", "monotonic_ns": 624761404747, "peak_rss": 130179072, "persisted_enable_mmap": true}
{"event": "first_pass_done", "memory": {"RssAnon": 98508800, "RssFile": 48500736, "VmHWM": 147009536, "VmRSS": 147009536, "VmSize": 3564572672, "major_faults": 465, "minor_faults": 28470, "read_bytes": 209543168, "syscr": 2323, "syscw": 45, "write_bytes": 4096}, "metrics": {"max_ms": 119.319513, "mean_ms": 3.2113739966666666, "p50_ms": 2.752492, "p95_ms": 3.7256320000000005, "p99_ms": 8.34832483, "qps": 307.7111080520236, "queries": 300, "self_recall_at_k": 0.9133333333333333, "wall_seconds": 0.9749404299999469}, "mode": "mmap", "monotonic_ns": 625738492764, "peak_rss": 147009536}
{"event": "steady_pass_done", "memory": {"RssAnon": 99700736, "RssFile": 48500736, "VmHWM": 148201472, "VmRSS": 148201472, "VmSize": 3565817856, "major_faults": 465, "minor_faults": 28774, "read_bytes": 848498688, "syscr": 3589, "syscw": 46, "write_bytes": 4096}, "metrics": {"max_ms": 18.806428, "mean_ms": 3.2531821033333332, "p50_ms": 3.254943, "p95_ms": 3.7731581499999995, "p99_ms": 4.313382529999999, "qps": 304.5473343306536, "queries": 1500, "self_recall_at_k": 0.9133333333333333, "wall_seconds": 4.9253427329999795}, "mode": "mmap", "monotonic_ns": 630666955859, "peak_rss": 148201472, "result_fingerprint": "f5c9fc4583025ab0d5277ccfa9c6d36690703a7c61dc18f688143313be871e56"}
[ INFO 2026-08-07 06:42:40 140737476279168 diskann_streamer.cc:42] Begin DiskAnnStreamer:cleanup
[ INFO 2026-08-07 06:42:40 140737476279168 diskann_streamer.cc:44] End DiskAnnStreamer:cleanup
[ INFO 2026-08-07 06:42:40 140737476279168 id_map.cc:74] Closed IDMap[/data/formal_mmap_160k/idmap.0]
[ INFO 2026-08-07 06:42:40 140737476279168 delete_store.h:35] Closed delete store
{"event": "query_done", "memory": {"RssAnon": 91992064, "RssFile": 44388352, "VmHWM": 147546112, "VmRSS": 136380416, "VmSize": 3553603584, "major_faults": 465, "minor_faults": 30679, "read_bytes": 848510976, "syscr": 3603, "syscw": 51, "write_bytes": 12288}, "mode": "mmap", "monotonic_ns": 630699972218, "rusage": {"major_faults": 465, "max_rss_kib": 144088, "minor_faults": 30677, "system_seconds": 1.052505, "user_seconds": 4.364098}}
