[ INFO 2026-08-07 06:45:53 140737476279168 block_eviction_queue.cc:307] Shared cache initialized with capacity: 105906176
{"event": "process_ready", "machine": "x86_64", "memory": {"RssAnon": 61714432, "RssFile": 32604160, "VmHWM": 94318592, "VmRSS": 94318592, "VmSize": 916443136, "major_faults": 356, "minor_faults": 17155, "read_bytes": 51822592, "syscr": 580, "syscw": 2, "write_bytes": 4096}, "memory_budget_mb": 101, "mode": "buffer_pool", "monotonic_ns": 823169916231, "platform": "Linux-6.8.0-117-generic-x86_64-with-glibc2.39"}
[ INFO 2026-08-07 06:45:53 140737476279168 id_map.cc:45] Opened IDMap[/data/formal_buffer_160k/idmap.0]
[ INFO 2026-08-07 06:45:53 140737476279168 delete_store.h:78] Opened delete store, count[0]
[ INFO 2026-08-07 06:45:53 140737476279168 bufferpool_forward_store.cc:77] Opened Parquet with 160000 rows, 3 cols, 1 row groups
[ INFO 2026-08-07 06:45:53 140737476279168 segment.cc:3973] No scalar index found
[ INFO 2026-08-07 06:45:53 140737476279168 diskann_builder.cc:33] Begin DiskAnnBuilder::init
[ INFO 2026-08-07 06:45:53 140737476279168 diskann_file_reader.cc:54] DiskAnn: I/O backend 'libaio' loaded — async I/O enabled.
[ INFO 2026-08-07 06:45:53 140737476279168 diskann_streamer.cc:50] DiskAnnStreamer::load Begin
[ INFO 2026-08-07 06:45:53 140737476279168 diskann_indexer.cc:114] Loading centroid data from medoid vector data
[ INFO 2026-08-07 06:45:53 140737476279168 diskann_streamer.cc:104] DiskAnnStreamer::load Done
[ INFO 2026-08-07 06:45:53 140737476279168 segment.cc:3973] No scalar index found
[ INFO 2026-08-07 06:45:53 140737476279168 segment.cc:4213] WAL recovery skipped: no WAL file exists [/data/formal_buffer_160k/1/0.wal]
{"elapsed_seconds": 0.13670232300000862, "event": "open_done", "memory": {"RssAnon": 121176064, "RssFile": 39993344, "VmHWM": 161169408, "VmRSS": 161169408, "VmSize": 3593519104, "major_faults": 422, "minor_faults": 36018, "read_bytes": 75882496, "syscr": 2065, "syscw": 42, "write_bytes": 4096}, "mode": "buffer_pool", "monotonic_ns": 823308399525, "peak_rss": 161177600, "persisted_enable_mmap": false}
{"event": "first_pass_done", "memory": {"RssAnon": 275259392, "RssFile": 45535232, "VmHWM": 320794624, "VmRSS": 320794624, "VmSize": 3741446144, "major_faults": 476, "minor_faults": 75152, "read_bytes": 208113664, "syscr": 2628, "syscw": 43, "write_bytes": 4096}, "metrics": {"max_ms": 151.664223, "mean_ms": 6.94932795, "p50_ms": 5.7666045, "p95_ms": 10.50190935, "p99_ms": 14.408495869999943, "qps": 142.64982945242582, "queries": 300, "self_recall_at_k": 0.98, "wall_seconds": 2.1030519360000426}, "mode": "buffer_pool", "monotonic_ns": 825414584110, "peak_rss": 320794624}
{"event": "steady_pass_done", "memory": {"RssAnon": 277213184, "RssFile": 45535232, "VmHWM": 322748416, "VmRSS": 322748416, "VmSize": 3743174656, "major_faults": 476, "minor_faults": 76212, "read_bytes": 659828736, "syscr": 4394, "syscw": 44, "write_bytes": 4096}, "metrics": {"max_ms": 11.720586, "mean_ms": 4.580353080666667, "p50_ms": 4.3204705, "p95_ms": 6.71924555, "p99_ms": 7.8465516, "qps": 216.42444379672943, "queries": 1500, "self_recall_at_k": 0.98, "wall_seconds": 6.9308252509999875}, "mode": "buffer_pool", "monotonic_ns": 832348736511, "peak_rss": 322748416, "result_fingerprint": "58d72483bc9f4d2da288902a828db409083f38619636e5f4aadfc8e9811ec11a"}
[ INFO 2026-08-07 06:46:02 140737476279168 diskann_streamer.cc:42] Begin DiskAnnStreamer:cleanup
[ INFO 2026-08-07 06:46:02 140737476279168 diskann_streamer.cc:44] End DiskAnnStreamer:cleanup
[ INFO 2026-08-07 06:46:02 140737476279168 id_map.cc:74] Closed IDMap[/data/formal_buffer_160k/idmap.0]
[ INFO 2026-08-07 06:46:02 140737476279168 delete_store.h:35] Closed delete store
{"event": "query_done", "memory": {"RssAnon": 273334272, "RssFile": 45514752, "VmHWM": 322093056, "VmRSS": 318849024, "VmSize": 3734044672, "major_faults": 476, "minor_faults": 78103, "read_bytes": 659841024, "syscr": 4400, "syscw": 49, "write_bytes": 8192}, "mode": "buffer_pool", "monotonic_ns": 832361113231, "rusage": {"major_faults": 476, "max_rss_kib": 314544, "minor_faults": 78102, "system_seconds": 1.275644, "user_seconds": 6.964554}}
[ INFO 2026-08-07 06:46:02 140737476279168 vector_page_table.cc:1864] VecBufferPool stats: file[/data/formal_buffer_160k/0/embedding.index.3.proxima] hit=543936 miss=143934 hit_rate=0.7908 evict=124279 second_chance=6088 dirty_flush=0 bypass_reads=0 bypass_bytes=0
